#-----------------------------------------------------------
# Vivado v2023.1 (64-bit)
# SW Build 3865809 on Sun May  7 15:04:56 MDT 2023
# IP Build 3864474 on Sun May  7 20:36:21 MDT 2023
# SharedData Build 3865790 on Sun May 07 13:33:03 MDT 2023
# Start of session at: Tue Mar 12 01:00:12 2024
# Process ID: 2646423
# Current directory: /home/AD.UCSD.EDU/jsliang/DP-HLS
# Command line: vivado
# Log file: /home/AD.UCSD.EDU/jsliang/DP-HLS/vivado.log
# Journal file: /home/AD.UCSD.EDU/jsliang/DP-HLS/vivado.jou
# Running On: raptor.ucsd.edu, OS: Linux, CPU Frequency: 800.020 MHz, CPU Physical cores: 32, Host memory: 404348 MB
#-----------------------------------------------------------
start_gui
open_project /home/AD.UCSD.EDU/jsliang/Darwin-WGA/src/hdl/project_1/project_1.xpr
update_compile_order -fileset sources_1
# Disabling source management mode.  This is to allow the top design properties to be set without GUI intervention.
set_property source_mgmt_mode None [current_project]
set_property top BSW_ArrayTop [current_fileset]
# Re-enabling previously disabled source management mode.
set_property source_mgmt_mode All [current_project]
update_compile_order -fileset sources_1
reset_run synth_1
launch_runs synth_1 -jobs 32
wait_on_run synth_1
